// Jest Snapshot v1, https://goo.gl/fbAQLP

exports[`FirstComponentBasicCheck Should render the component 1`] = `
Array [
  <h2>
    Welcome to TDD using React!
  </h2>,
]
`;
