// Jest Snapshot v1, https://goo.gl/fbAQLP

exports[`InputComponentTestSuite should render input text component 1`] = `
Array [
  <input
    onChange={[Function]}
    type="text"
    value="Default Value"
  />,
]
`;
